
Ridwan@DESKTOP-TAO52TE MINGW64 ~
$ cd Desktop

Ridwan@DESKTOP-TAO52TE MINGW64 ~/Desktop
$ cd story

Ridwan@DESKTOP-TAO52TE MINGW64 ~/Desktop/story (master)
$ git status                                                                                        On branch master
Untracked files:
  (use "git add <file>..." to include in what will be committed)

        history_Version Control_210.txt

nothing added to commit but untracked files present (use "git add" to track)

Ridwan@DESKTOP-TAO52TE MINGW64 ~/Desktop/story (master)
$ git add .

Ridwan@DESKTOP-TAO52TE MINGW64 ~/Desktop/story (master)
$ git status
On branch master
Changes to be committed:
  (use "git reset HEAD <file>..." to unstage)

        new file:   history_Version Control_210.txt


Ridwan@DESKTOP-TAO52TE MINGW64 ~/Desktop/story (master)
$ git remote add origin https://github.com/ridwanfirdaus96/story.git
Ridwan@DESKTOP-TAO52TE MINGW64 ~/Desktop/story (master)
$ git push -u origin master
Enumerating objects: 7, done.
Counting objects: 100% (7/7), done.
Delta compression using up to 8 threads
Compressing objects: 100% (3/3), done.
Writing objects: 100% (7/7), 581 bytes | 290.00 KiB/s, done.
Total 7 (delta 0), reused 0 (delta 0)
To https://github.com/ridwanfirdaus96/story.git
 * [new branch]      master -> master
Branch 'master' set up to track remote branch 'master' from 'origin'.

Ridwan@DESKTOP-TAO52TE MINGW64 ~/Desktop/story (master)
$